// Jest Snapshot v1, https://goo.gl/fbAQLP

exports[`buscando cep 1`] = `"21235-280"`;
